2026-01-21 09:26:48,643 - INFO - 日志目录: logs
2026-01-21 09:26:48,644 - INFO - === 开始数据匹配流程 ===
2026-01-21 09:26:48,644 - INFO - 加载数据文件: A.xlsx
2026-01-21 09:26:49,061 - INFO - 加载数据文件: B.xlsx
2026-01-21 09:26:49,093 - INFO - 执行数据清洗...
2026-01-21 09:26:49,097 - INFO - 数据加载完成，A表: 595条，B表: 220条
2026-01-21 09:26:49,100 - INFO - 按单位分组完成，A表: 58个单位，B表: 23个单位
2026-01-21 09:26:49,100 - INFO - B表中不存在的单位: ['AGM (Guyana)', 'Liex S A', 'MANONO LITHIUM SAS', '元阳县华西黄金有限公司', '内蒙古金中矿业有限公司', '加纳 Akyem', '卢阿拉巴矿业简易股份有限公司', '塞尔维亚紫金矿业有限公司', '塞尔维亚紫金铜业有限公司', '大陆黄金', '奥同克有限责任公司', '奥罗拉', '武平紫金矿业有限公司', '洛宁华泰矿业开发有限公司', '洛宁紫金黄金冶炼有限公司', '福大紫金氢能科技股份有限公司', '福建紫金贵金属材料有限公司', '福建紫金铜业有限公司', '福建紫金锂元材料科技有限公司', '穆索诺伊', '紫金国际控股有限公司', '紫金矿业建设集团厦门有限公司', '紫金矿业新能源新材料科技（长沙）有限公司', '紫金矿业物流有限公司', '紫金矿业集团股份有限公司', '紫金矿业集团财务有限公司', '紫金矿业集团黄金珠宝有限公司', '紫金金海物流海南有限公司', '罗斯贝尔', '西藏翔龙矿业有限公司', '诺顿金田有限公司NGF', '贵州新恒基矿业有限公司', '连城紫金矿业有限公司', '阿瑞那有限责任公司', '陇南紫金金山金矿']
2026-01-21 09:26:49,102 - INFO - 开始处理23个共同单位...
2026-01-21 09:26:49,102 - INFO - 处理单位 1/23: 中塔泽拉夫尚有限责任公司
2026-01-21 09:26:49,102 - DEBUG - Building prefix dict from the default dictionary ...
2026-01-21 09:26:49,104 - DEBUG - Loading model from cache C:\Users\ADMINI~1\AppData\Local\Temp\jieba.cache
2026-01-21 09:26:49,864 - DEBUG - Loading model cost 0.761 seconds.
2026-01-21 09:26:49,865 - DEBUG - Prefix dict has been built successfully.
2026-01-21 09:26:49,911 - INFO - 处理单位 2/23: 乌拉特后旗紫金矿业有限公司
2026-01-21 09:26:50,227 - INFO - 处理单位 3/23: 吉林紫金铜业有限公司
2026-01-21 09:26:50,267 - INFO - 处理单位 4/23: 山西紫金矿业有限公司
2026-01-21 09:26:50,350 - INFO - 处理单位 5/23: 巴彦淖尔紫金有色金属有限公司
2026-01-21 09:26:50,520 - INFO - 处理单位 6/23: 文山麻栗坡紫金钨业集团有限公司
2026-01-21 09:26:50,551 - INFO - 处理单位 7/23: 新疆哈巴河阿舍勒铜业股份有限公司
2026-01-21 09:26:50,646 - INFO - 处理单位 8/23: 新疆紫金有色金属有限公司
2026-01-21 09:26:50,907 - INFO - 处理单位 9/23: 新疆紫金锌业有限公司
2026-01-21 09:26:50,956 - INFO - 处理单位 10/23: 新疆紫金黄金有限公司
2026-01-21 09:26:50,975 - INFO - 处理单位 11/23: 新疆金宝矿业有限责任公司
2026-01-21 09:26:51,117 - INFO - 处理单位 12/23: 洛阳坤宇矿业有限公司
2026-01-21 09:26:51,255 - INFO - 处理单位 13/23: 湖南紫金锂业有限公司
2026-01-21 09:26:51,343 - INFO - 处理单位 14/23: 湖南紫金锂多金属新材料有限公司
2026-01-21 09:26:51,441 - INFO - 处理单位 15/23: 紫金山铜矿
2026-01-21 09:26:51,564 - INFO - 处理单位 16/23: 紫金铜业有限公司
2026-01-21 09:26:51,831 - INFO - 处理单位 17/23: 西藏巨龙铜业有限公司
2026-01-21 09:26:52,001 - INFO - 处理单位 18/23: 西藏阿里拉果资源有限责任公司
2026-01-21 09:26:52,043 - INFO - 处理单位 19/23: 贵州紫金矿业股份有限公司
2026-01-21 09:26:52,059 - INFO - 处理单位 20/23: 陇南紫金矿业有限公司
2026-01-21 09:26:52,086 - INFO - 处理单位 21/23: 黑龙江多宝山铜业股份有限公司
2026-01-21 09:26:52,514 - INFO - 处理单位 22/23: 黑龙江紫金铜业有限公司
2026-01-21 09:26:52,717 - INFO - 处理单位 23/23: 龙兴有限责任公司
2026-01-21 09:26:52,728 - INFO - 处理35个缺失单位...
2026-01-21 09:26:52,743 - INFO - 所有单位处理完成，总匹配结果: 595条
2026-01-21 09:26:52,750 - INFO - 导出结果到文件: 数据匹配结果.xlsx
2026-01-21 09:26:52,775 - INFO - 导出Sheet1: 匹配结果
2026-01-21 09:26:52,777 - INFO - 导出Sheet2: 总体统计
2026-01-21 09:26:52,786 - INFO - 导出Sheet3: 单位统计
2026-01-21 09:26:52,855 - INFO - 结果导出成功: 数据匹配结果.xlsx
2026-01-21 09:26:52,856 - INFO - === 数据匹配流程完成 ===
2026-01-21 09:26:52,856 - INFO - 数据匹配任务已成功完成！
2026-01-21 09:28:58,884 - INFO - 日志目录: logs
2026-01-21 09:28:58,885 - INFO - === 开始数据匹配流程 ===
2026-01-21 09:28:58,885 - INFO - 加载数据文件: A.xlsx
2026-01-21 09:28:59,236 - INFO - 加载数据文件: B.xlsx
2026-01-21 09:28:59,277 - INFO - 执行数据清洗...
2026-01-21 09:28:59,282 - INFO - 数据加载完成，A表: 595条，B表: 220条
2026-01-21 09:28:59,285 - INFO - 按单位分组完成，A表: 58个单位，B表: 23个单位
2026-01-21 09:28:59,285 - INFO - B表中不存在的单位: ['AGM (Guyana)', 'Liex S A', 'MANONO LITHIUM SAS', '元阳县华西黄金有限公司', '内蒙古金中矿业有限公司', '加纳 Akyem', '卢阿拉巴矿业简易股份有限公司', '塞尔维亚紫金矿业有限公司', '塞尔维亚紫金铜业有限公司', '大陆黄金', '奥同克有限责任公司', '奥罗拉', '武平紫金矿业有限公司', '洛宁华泰矿业开发有限公司', '洛宁紫金黄金冶炼有限公司', '福大紫金氢能科技股份有限公司', '福建紫金贵金属材料有限公司', '福建紫金铜业有限公司', '福建紫金锂元材料科技有限公司', '穆索诺伊', '紫金国际控股有限公司', '紫金矿业建设集团厦门有限公司', '紫金矿业新能源新材料科技（长沙）有限公司', '紫金矿业物流有限公司', '紫金矿业集团股份有限公司', '紫金矿业集团财务有限公司', '紫金矿业集团黄金珠宝有限公司', '紫金金海物流海南有限公司', '罗斯贝尔', '西藏翔龙矿业有限公司', '诺顿金田有限公司NGF', '贵州新恒基矿业有限公司', '连城紫金矿业有限公司', '阿瑞那有限责任公司', '陇南紫金金山金矿']
2026-01-21 09:28:59,286 - INFO - 开始处理23个共同单位...
2026-01-21 09:28:59,286 - INFO - 处理单位 1/23: 中塔泽拉夫尚有限责任公司
2026-01-21 09:28:59,287 - DEBUG - Building prefix dict from the default dictionary ...
2026-01-21 09:28:59,289 - DEBUG - Loading model from cache C:\Users\ADMINI~1\AppData\Local\Temp\jieba.cache
2026-01-21 09:28:59,996 - DEBUG - Loading model cost 0.709 seconds.
2026-01-21 09:28:59,997 - DEBUG - Prefix dict has been built successfully.
2026-01-21 09:29:00,044 - INFO - 处理单位 2/23: 乌拉特后旗紫金矿业有限公司
2026-01-21 09:29:00,349 - INFO - 处理单位 3/23: 吉林紫金铜业有限公司
2026-01-21 09:29:00,390 - INFO - 处理单位 4/23: 山西紫金矿业有限公司
2026-01-21 09:29:00,481 - INFO - 处理单位 5/23: 巴彦淖尔紫金有色金属有限公司
2026-01-21 09:29:00,638 - INFO - 处理单位 6/23: 文山麻栗坡紫金钨业集团有限公司
2026-01-21 09:29:00,668 - INFO - 处理单位 7/23: 新疆哈巴河阿舍勒铜业股份有限公司
2026-01-21 09:29:00,749 - INFO - 处理单位 8/23: 新疆紫金有色金属有限公司
2026-01-21 09:29:00,979 - INFO - 处理单位 9/23: 新疆紫金锌业有限公司
2026-01-21 09:29:01,016 - INFO - 处理单位 10/23: 新疆紫金黄金有限公司
2026-01-21 09:29:01,038 - INFO - 处理单位 11/23: 新疆金宝矿业有限责任公司
2026-01-21 09:29:01,156 - INFO - 处理单位 12/23: 洛阳坤宇矿业有限公司
2026-01-21 09:29:01,280 - INFO - 处理单位 13/23: 湖南紫金锂业有限公司
2026-01-21 09:29:01,359 - INFO - 处理单位 14/23: 湖南紫金锂多金属新材料有限公司
2026-01-21 09:29:01,443 - INFO - 处理单位 15/23: 紫金山铜矿
2026-01-21 09:29:01,558 - INFO - 处理单位 16/23: 紫金铜业有限公司
2026-01-21 09:29:01,826 - INFO - 处理单位 17/23: 西藏巨龙铜业有限公司
2026-01-21 09:29:01,995 - INFO - 处理单位 18/23: 西藏阿里拉果资源有限责任公司
2026-01-21 09:29:02,033 - INFO - 处理单位 19/23: 贵州紫金矿业股份有限公司
2026-01-21 09:29:02,050 - INFO - 处理单位 20/23: 陇南紫金矿业有限公司
2026-01-21 09:29:02,077 - INFO - 处理单位 21/23: 黑龙江多宝山铜业股份有限公司
2026-01-21 09:29:02,475 - INFO - 处理单位 22/23: 黑龙江紫金铜业有限公司
2026-01-21 09:29:02,680 - INFO - 处理单位 23/23: 龙兴有限责任公司
2026-01-21 09:29:02,687 - INFO - 处理35个缺失单位...
2026-01-21 09:29:02,704 - INFO - 所有单位处理完成，总匹配结果: 595条
2026-01-21 09:29:02,713 - INFO - === 数据匹配统计结果 ===
2026-01-21 09:29:02,715 - INFO - 总记录数: 595
2026-01-21 09:29:02,715 - INFO - 匹配成功: 211
2026-01-21 09:29:02,716 - INFO - 匹配不成功: 101
2026-01-21 09:29:02,716 - INFO - 无相关单位数据: 283
2026-01-21 09:29:02,717 - INFO - 匹配成功率: 35.46%
2026-01-21 09:29:02,717 - INFO - 导出结果到文件: 数据匹配结果.xlsx
2026-01-21 09:29:02,738 - INFO - 导出Sheet1: 匹配结果
2026-01-21 09:29:02,740 - INFO - 导出Sheet2: 总体统计
2026-01-21 09:29:02,747 - INFO - 导出Sheet3: 单位统计
2026-01-21 09:29:02,816 - INFO - 结果导出成功: 数据匹配结果.xlsx
2026-01-21 09:29:02,817 - INFO - === 数据匹配流程完成 ===
2026-01-21 09:29:02,817 - INFO - 数据匹配任务已成功完成！
2026-01-21 09:29:54,639 - INFO - 日志目录: logs
2026-01-21 09:29:54,640 - INFO - === 开始数据匹配流程 ===
2026-01-21 09:29:54,640 - INFO - 加载数据文件: A.xlsx
2026-01-21 09:29:54,950 - INFO - 加载数据文件: B.xlsx
2026-01-21 09:29:54,988 - INFO - 执行数据清洗...
2026-01-21 09:29:54,991 - INFO - 数据加载完成，A表: 595条，B表: 220条
2026-01-21 09:29:54,994 - INFO - 按单位分组完成，A表: 58个单位，B表: 23个单位
2026-01-21 09:29:54,994 - INFO - B表中不存在的单位: ['AGM (Guyana)', 'Liex S A', 'MANONO LITHIUM SAS', '元阳县华西黄金有限公司', '内蒙古金中矿业有限公司', '加纳 Akyem', '卢阿拉巴矿业简易股份有限公司', '塞尔维亚紫金矿业有限公司', '塞尔维亚紫金铜业有限公司', '大陆黄金', '奥同克有限责任公司', '奥罗拉', '武平紫金矿业有限公司', '洛宁华泰矿业开发有限公司', '洛宁紫金黄金冶炼有限公司', '福大紫金氢能科技股份有限公司', '福建紫金贵金属材料有限公司', '福建紫金铜业有限公司', '福建紫金锂元材料科技有限公司', '穆索诺伊', '紫金国际控股有限公司', '紫金矿业建设集团厦门有限公司', '紫金矿业新能源新材料科技（长沙）有限公司', '紫金矿业物流有限公司', '紫金矿业集团股份有限公司', '紫金矿业集团财务有限公司', '紫金矿业集团黄金珠宝有限公司', '紫金金海物流海南有限公司', '罗斯贝尔', '西藏翔龙矿业有限公司', '诺顿金田有限公司NGF', '贵州新恒基矿业有限公司', '连城紫金矿业有限公司', '阿瑞那有限责任公司', '陇南紫金金山金矿']
2026-01-21 09:29:54,995 - INFO - 开始处理23个共同单位...
2026-01-21 09:29:54,995 - INFO - 处理单位 1/23: 中塔泽拉夫尚有限责任公司
2026-01-21 09:29:54,996 - DEBUG - Building prefix dict from the default dictionary ...
2026-01-21 09:29:54,998 - DEBUG - Loading model from cache C:\Users\ADMINI~1\AppData\Local\Temp\jieba.cache
2026-01-21 09:29:55,681 - DEBUG - Loading model cost 0.685 seconds.
2026-01-21 09:29:55,682 - DEBUG - Prefix dict has been built successfully.
2026-01-21 09:29:55,724 - INFO - 处理单位 2/23: 乌拉特后旗紫金矿业有限公司
2026-01-21 09:29:55,999 - INFO - 处理单位 3/23: 吉林紫金铜业有限公司
2026-01-21 09:29:56,033 - INFO - 处理单位 4/23: 山西紫金矿业有限公司
2026-01-21 09:29:56,115 - INFO - 处理单位 5/23: 巴彦淖尔紫金有色金属有限公司
2026-01-21 09:29:56,262 - INFO - 处理单位 6/23: 文山麻栗坡紫金钨业集团有限公司
2026-01-21 09:29:56,295 - INFO - 处理单位 7/23: 新疆哈巴河阿舍勒铜业股份有限公司
2026-01-21 09:29:56,377 - INFO - 处理单位 8/23: 新疆紫金有色金属有限公司
2026-01-21 09:29:56,586 - INFO - 处理单位 9/23: 新疆紫金锌业有限公司
2026-01-21 09:29:56,629 - INFO - 处理单位 10/23: 新疆紫金黄金有限公司
2026-01-21 09:29:56,651 - INFO - 处理单位 11/23: 新疆金宝矿业有限责任公司
2026-01-21 09:29:56,757 - INFO - 处理单位 12/23: 洛阳坤宇矿业有限公司
2026-01-21 09:29:56,873 - INFO - 处理单位 13/23: 湖南紫金锂业有限公司
2026-01-21 09:29:56,953 - INFO - 处理单位 14/23: 湖南紫金锂多金属新材料有限公司
2026-01-21 09:29:57,030 - INFO - 处理单位 15/23: 紫金山铜矿
2026-01-21 09:29:57,152 - INFO - 处理单位 16/23: 紫金铜业有限公司
2026-01-21 09:29:57,399 - INFO - 处理单位 17/23: 西藏巨龙铜业有限公司
2026-01-21 09:29:57,550 - INFO - 处理单位 18/23: 西藏阿里拉果资源有限责任公司
2026-01-21 09:29:57,588 - INFO - 处理单位 19/23: 贵州紫金矿业股份有限公司
2026-01-21 09:29:57,606 - INFO - 处理单位 20/23: 陇南紫金矿业有限公司
2026-01-21 09:29:57,633 - INFO - 处理单位 21/23: 黑龙江多宝山铜业股份有限公司
2026-01-21 09:29:58,003 - INFO - 处理单位 22/23: 黑龙江紫金铜业有限公司
2026-01-21 09:29:58,188 - INFO - 处理单位 23/23: 龙兴有限责任公司
2026-01-21 09:29:58,196 - INFO - 处理35个缺失单位...
2026-01-21 09:29:58,212 - INFO - 所有单位处理完成，总匹配结果: 595条
2026-01-21 09:29:58,223 - INFO - === 数据匹配统计结果 ===
2026-01-21 09:29:58,224 - INFO - 总记录数: 595
2026-01-21 09:29:58,224 - INFO - 匹配成功: 211
2026-01-21 09:29:58,225 - INFO - 匹配不成功: 101
2026-01-21 09:29:58,225 - INFO - 无相关单位数据: 283
2026-01-21 09:29:58,226 - INFO - 匹配成功率: 35.46%
2026-01-21 09:29:58,226 - INFO - 导出结果到文件: 数据匹配结果.xlsx
2026-01-21 09:29:58,255 - INFO - 导出Sheet1: 匹配结果
2026-01-21 09:29:58,256 - INFO - 导出Sheet2: 总体统计
2026-01-21 09:29:58,262 - INFO - 导出Sheet3: 单位统计
2026-01-21 09:29:58,328 - INFO - 结果导出成功: 数据匹配结果.xlsx
2026-01-21 09:29:58,328 - INFO - === 数据匹配流程完成 ===
2026-01-21 09:29:58,329 - INFO - 数据匹配任务已成功完成！
